// Jest Snapshot v1, https://goo.gl/fbAQLP

exports[`Should render VideoPlayer component correctly 1`] = `
<video
  height="175"
  onMouseEnter={[Function]}
  onMouseLeave={[Function]}
  width="280"
/>
`;
