// Jest Snapshot v1, https://goo.gl/fbAQLP

exports[`Should render FavoriteList component correctly 1`] = `
<div
  className="user-page"
>
  <header
    className="page-header user-page__head"
  >
    <div
      className="logo"
    >
      <a
        className="logo__link"
        href="/"
        onClick={[Function]}
      >
        <span
          className="logo__letter logo__letter--1"
        >
          W
        </span>
        <span
          className="logo__letter logo__letter--2"
        >
          T
        </span>
        <span
          className="logo__letter logo__letter--3"
        >
          W
        </span>
      </a>
    </div>
    <h1
      className="page-title user-page__title"
    >
      My list
    </h1>
    <div
      className="user-block"
    >
      <a
        href="/mylist"
        onClick={[Function]}
      >
        <div
          className="user-block__avatar"
        >
          <img
            alt="User avatar"
            height="63"
            src="/img/avatar.jpg"
            width="63"
          />
        </div>
      </a>
    </div>
  </header>
  <section
    className="catalog"
  >
    <h2
      className="catalog__title visually-hidden"
    >
      Catalog
    </h2>
    <div
      className="catalog__movies-list"
    >
      <article
        className="small-movie-card catalog__movies-card"
      >
        <div
          className="small-movie-card__image"
          onMouseEnter={[Function]}
          onMouseLeave={[Function]}
        >
          <a
            href="/films/1"
            onClick={[Function]}
          >
            <img
              alt="Macbeth"
              height="175"
              src="img/macbeth.jpg"
              width="280"
            />
          </a>
        </div>
        <h3
          className="small-movie-card__title"
        >
          <a
            className="small-movie-card__link"
            href="/films/1"
            onClick={[Function]}
          >
            Macbeth
          </a>
        </h3>
      </article>
      <article
        className="small-movie-card catalog__movies-card"
      >
        <div
          className="small-movie-card__image"
          onMouseEnter={[Function]}
          onMouseLeave={[Function]}
        >
          <a
            href="/films/2"
            onClick={[Function]}
          >
            <img
              alt="We need to talk about Kevin"
              height="175"
              src="img/we-need-to-talk-about-kevin.jpg"
              width="280"
            />
          </a>
        </div>
        <h3
          className="small-movie-card__title"
        >
          <a
            className="small-movie-card__link"
            href="/films/2"
            onClick={[Function]}
          >
            We need to talk about Kevin
          </a>
        </h3>
      </article>
      <article
        className="small-movie-card catalog__movies-card"
      >
        <div
          className="small-movie-card__image"
          onMouseEnter={[Function]}
          onMouseLeave={[Function]}
        >
          <a
            href="/films/3"
            onClick={[Function]}
          >
            <img
              alt="Fantastic Beasts: The Crimes of Grindelwald"
              height="175"
              src="img/fantastic-beasts-the-crimes-of-grindelwald.jpg"
              width="280"
            />
          </a>
        </div>
        <h3
          className="small-movie-card__title"
        >
          <a
            className="small-movie-card__link"
            href="/films/3"
            onClick={[Function]}
          >
            Fantastic Beasts: The Crimes of Grindelwald
          </a>
        </h3>
      </article>
      <article
        className="small-movie-card catalog__movies-card"
      >
        <div
          className="small-movie-card__image"
          onMouseEnter={[Function]}
          onMouseLeave={[Function]}
        >
          <a
            href="/films/4"
            onClick={[Function]}
          >
            <img
              alt="Shutter Island"
              height="175"
              src="img/shutter-island.jpg"
              width="280"
            />
          </a>
        </div>
        <h3
          className="small-movie-card__title"
        >
          <a
            className="small-movie-card__link"
            href="/films/4"
            onClick={[Function]}
          >
            Shutter Island
          </a>
        </h3>
      </article>
      <article
        className="small-movie-card catalog__movies-card"
      >
        <div
          className="small-movie-card__image"
          onMouseEnter={[Function]}
          onMouseLeave={[Function]}
        >
          <a
            href="/films/5"
            onClick={[Function]}
          >
            <img
              alt="Snatch"
              height="175"
              src="img/snatch.jpg"
              width="280"
            />
          </a>
        </div>
        <h3
          className="small-movie-card__title"
        >
          <a
            className="small-movie-card__link"
            href="/films/5"
            onClick={[Function]}
          >
            Snatch
          </a>
        </h3>
      </article>
      <article
        className="small-movie-card catalog__movies-card"
      >
        <div
          className="small-movie-card__image"
          onMouseEnter={[Function]}
          onMouseLeave={[Function]}
        >
          <a
            href="/films/6"
            onClick={[Function]}
          >
            <img
              alt="Pulp Fiction"
              height="175"
              src="img/pulp-fiction.jpg"
              width="280"
            />
          </a>
        </div>
        <h3
          className="small-movie-card__title"
        >
          <a
            className="small-movie-card__link"
            href="/films/6"
            onClick={[Function]}
          >
            Pulp Fiction
          </a>
        </h3>
      </article>
      <article
        className="small-movie-card catalog__movies-card"
      >
        <div
          className="small-movie-card__image"
          onMouseEnter={[Function]}
          onMouseLeave={[Function]}
        >
          <a
            href="/films/7"
            onClick={[Function]}
          >
            <img
              alt="Revenant"
              height="175"
              src="img/revenant.jpg"
              width="280"
            />
          </a>
        </div>
        <h3
          className="small-movie-card__title"
        >
          <a
            className="small-movie-card__link"
            href="/films/7"
            onClick={[Function]}
          >
            Revenant
          </a>
        </h3>
      </article>
      <article
        className="small-movie-card catalog__movies-card"
      >
        <div
          className="small-movie-card__image"
          onMouseEnter={[Function]}
          onMouseLeave={[Function]}
        >
          <a
            href="/films/8"
            onClick={[Function]}
          >
            <img
              alt="Bohemian Rhapsody"
              height="175"
              src="img/bohemian-rhapsody.jpg"
              width="280"
            />
          </a>
        </div>
        <h3
          className="small-movie-card__title"
        >
          <a
            className="small-movie-card__link"
            href="/films/8"
            onClick={[Function]}
          >
            Bohemian Rhapsody
          </a>
        </h3>
      </article>
    </div>
  </section>
  <footer
    className="page-footer"
  >
    <div
      className="logo"
    >
      <a
        className="logo__link logo__link--light"
        href="/"
        onClick={[Function]}
      >
        <span
          className="logo__letter logo__letter--1"
        >
          W
        </span>
        <span
          className="logo__letter logo__letter--2"
        >
          T
        </span>
        <span
          className="logo__letter logo__letter--3"
        >
          W
        </span>
      </a>
    </div>
    <div
      className="copyright"
    >
      <p>
        Â© 2020 What to watch Ltd.
      </p>
    </div>
  </footer>
</div>
`;
